// Jest Snapshot v1, https://goo.gl/fbAQLP

exports[`ColorPaletteControl matches the snapshot 1`] = `
.emotion-8 {
  font-family: -apple-system,BlinkMacSystemFont,'Segoe UI',Roboto,Oxygen-Sans,Ubuntu,Cantarell,'Helvetica Neue',sans-serif;
  font-size: 13px;
}

.emotion-6 {
  margin-bottom: 8px;
}

.components-panel__row .emotion-6 {
  margin-bottom: inherit;
}

.emotion-0 {
  display: -webkit-inline-box;
  display: -webkit-inline-flex;
  display: -ms-inline-flexbox;
  display: inline-flex;
  -webkit-text-decoration: none;
  text-decoration: none;
  font-size: 13px;
  margin: 0;
  border: 0;
  cursor: pointer;
  -webkit-appearance: none;
  background: none;
  -webkit-transition: box-shadow 0.1s linear;
  transition: box-shadow 0.1s linear;
  height: 36px;
  -webkit-align-items: center;
  -webkit-box-align: center;
  -ms-flex-align: center;
  align-items: center;
  box-sizing: border-box;
  padding: 6px 12px;
  border-radius: 2px;
  color: #1e1e1e;
  color: #fff;
  background: #1e1e1e;
}

@media ( prefers-reduced-motion:reduce ) {
  .emotion-0 {
    -webkit-transition-duration: 0ms;
    transition-duration: 0ms;
  }
}

.emotion-0[aria-expanded='true'],
.emotion-0:hover {
  color: var( --wp-admin-theme-color );
}

.emotion-0[aria-disabled='true']:hover {
  color: initial;
}

.emotion-0:focus:not(:disabled ) {
  box-shadow: 0 0 0 1.5px var( --wp-admin-theme-color );
  outline: 1px solid transparent;
}

.emotion-0:not([aria-disabled="true"]):active {
  color: inherit;
}

.emotion-0:disabled,
.emotion-0[aria-disabled="true"] {
  cursor: default;
  opacity: 0.3;
}

.emotion-0 svg {
  fill: currentColor;
  outline: none;
}

.emotion-0 .components-visually-hidden {
  height: auto;
}

.emotion-0:focus:not(:disabled ) {
  box-shadow: inset 0 0 0 1px #fff,0 0 0 1.5px var( --wp-admin-theme-color );
  outline: 2px solid transparent;
}

.emotion-0:hover:not(:disabled ) {
  color: #fff;
  background: #1e1e1e;
}

.emotion-0[aria-expanded='true'],
.emotion-0:hover {
  color: #fff;
}

.emotion-2 {
  display: -webkit-inline-box;
  display: -webkit-inline-flex;
  display: -ms-inline-flexbox;
  display: inline-flex;
  -webkit-text-decoration: none;
  text-decoration: none;
  font-size: 13px;
  margin: 0;
  border: 0;
  cursor: pointer;
  -webkit-appearance: none;
  background: none;
  -webkit-transition: box-shadow 0.1s linear;
  transition: box-shadow 0.1s linear;
  height: 36px;
  -webkit-align-items: center;
  -webkit-box-align: center;
  -ms-flex-align: center;
  align-items: center;
  box-sizing: border-box;
  padding: 6px 12px;
  border-radius: 2px;
  color: #1e1e1e;
  margin: 0;
  padding: 0;
  box-shadow: none;
  border: 0;
  border-radius: 0;
  background: none;
  outline: none;
  text-align: left;
  color: #0073aa;
  -webkit-text-decoration: underline;
  text-decoration: underline;
  -webkit-transition-property: border,background,color;
  transition-property: border,background,color;
  -webkit-transition-duration: 0.05s;
  transition-duration: 0.05s;
  -webkit-transition-timing-function: ease-in-out;
  transition-timing-function: ease-in-out;
  height: auto;
}

@media ( prefers-reduced-motion:reduce ) {
  .emotion-2 {
    -webkit-transition-duration: 0ms;
    transition-duration: 0ms;
  }
}

.emotion-2[aria-expanded='true'],
.emotion-2:hover {
  color: var( --wp-admin-theme-color );
}

.emotion-2[aria-disabled='true']:hover {
  color: initial;
}

.emotion-2:focus:not(:disabled ) {
  box-shadow: 0 0 0 1.5px var( --wp-admin-theme-color );
  outline: 1px solid transparent;
}

.emotion-2:not([aria-disabled="true"]):active {
  color: inherit;
}

.emotion-2:disabled,
.emotion-2[aria-disabled="true"] {
  cursor: default;
  opacity: 0.3;
}

.emotion-2 svg {
  fill: currentColor;
  outline: none;
}

.emotion-2 .components-visually-hidden {
  height: auto;
}

@media ( prefers-reduced-motion:reduce ) {
  .emotion-2 {
    -webkit-transition-duration: 0ms;
    transition-duration: 0ms;
  }
}

.emotion-2:hover:not(:disabled ),
.emotion-2:active:not(:disabled ) {
  color: #00a0d2;
  box-shadow: none;
}

.emotion-2:focus {
  color: #124964;
  box-shadow: 0 0 0 1px #5b9dd9,0 0 1.5px 1px rgba( 30,140,190,0.8 );
}

.emotion-4 {
  display: -webkit-inline-box;
  display: -webkit-inline-flex;
  display: -ms-inline-flexbox;
  display: inline-flex;
  -webkit-text-decoration: none;
  text-decoration: none;
  font-size: 13px;
  margin: 0;
  border: 0;
  cursor: pointer;
  -webkit-appearance: none;
  background: none;
  -webkit-transition: box-shadow 0.1s linear;
  transition: box-shadow 0.1s linear;
  height: 36px;
  -webkit-align-items: center;
  -webkit-box-align: center;
  -ms-flex-align: center;
  align-items: center;
  box-sizing: border-box;
  padding: 6px 12px;
  border-radius: 2px;
  color: #1e1e1e;
  height: 24px;
  line-height: 22px;
  padding: 0 8px;
  font-size: 11px;
  box-shadow: inset 0 0 0 1px var( --wp-admin-theme-color );
  outline: 1px solid transparent;
  white-space: nowrap;
  color: var( --wp-admin-theme-color );
  background: transparent;
}

@media ( prefers-reduced-motion:reduce ) {
  .emotion-4 {
    -webkit-transition-duration: 0ms;
    transition-duration: 0ms;
  }
}

.emotion-4[aria-expanded='true'],
.emotion-4:hover {
  color: var( --wp-admin-theme-color );
}

.emotion-4[aria-disabled='true']:hover {
  color: initial;
}

.emotion-4:focus:not(:disabled ) {
  box-shadow: 0 0 0 1.5px var( --wp-admin-theme-color );
  outline: 1px solid transparent;
}

.emotion-4:not([aria-disabled="true"]):active {
  color: inherit;
}

.emotion-4:disabled,
.emotion-4[aria-disabled="true"] {
  cursor: default;
  opacity: 0.3;
}

.emotion-4 svg {
  fill: currentColor;
  outline: none;
}

.emotion-4 .components-visually-hidden {
  height: auto;
}

.emotion-4:active:not(:disabled ) {
  background: #e0e0e0;
  color: var( --wp-admin-theme-color-darker-10 );
  box-shadow: none;
}

.emotion-4:hover:not(:disabled ) {
  color: var( --wp-admin-theme-color-darker-10 );
  box-shadow: inset 0 0 0 1px var( --wp-admin-theme-color-darker-10 );
}

.emotion-4:disabled,
.emotion-4[aria-disabled='true'],
.emotion-4[aria-disabled='true']:hover {
  color: #828282;
  background: #eaeaea;
  -webkit-transform: none;
  -ms-transform: none;
  transform: none;
  opacity: 1;
  box-shadow: none;
}

<div
  className="components-base-control block-editor-color-gradient-control emotion-8 emotion-9"
>
  <div
    className="components-base-control__field emotion-6 emotion-7"
  >
    <fieldset>
      <legend>
        <div
          className="block-editor-color-gradient-control__color-indicator"
        >
          <span
            className="components-base-control__label"
          >
            Test Color
            <span
              aria-label="(Color: #f00)"
              className="component-color-indicator"
              style={
                Object {
                  "background": "#f00",
                }
              }
            />
          </span>
        </div>
      </legend>
      <div
        className="components-circular-option-picker"
      >
        <div
          className="components-circular-option-picker__swatches"
        >
          <div
            className="components-circular-option-picker__option-wrapper"
          >
            <button
              aria-label="Color: red"
              aria-pressed={true}
              className="components-button components-circular-option-picker__option is-pressed emotion-0 emotion-1"
              onBlur={[Function]}
              onClick={[Function]}
              onFocus={[Function]}
              onMouseDown={[Function]}
              onMouseEnter={[Function]}
              onMouseLeave={[Function]}
              style={
                Object {
                  "backgroundColor": "#f00",
                  "color": "#f00",
                }
              }
              type="button"
            />
            <svg
              aria-hidden={true}
              fill="#000000"
              focusable={false}
              height={24}
              role="img"
              viewBox="0 0 24 24"
              width={24}
              xmlns="http://www.w3.org/2000/svg"
            >
              <path
                d="M18.3 5.6L9.9 16.9l-4.6-3.4-.9 1.2 5.8 4.3 9.3-12.6z"
              />
            </svg>
          </div>
        </div>
        <div
          className="components-circular-option-picker__custom-clear-wrapper"
        >
          <div
            className="components-dropdown components-circular-option-picker__dropdown-link-action"
          >
            <button
              aria-expanded={false}
              aria-haspopup="true"
              aria-label="Custom color picker"
              className="components-button is-link emotion-2 emotion-3"
              onClick={[Function]}
              type="button"
            >
              Custom color
            </button>
          </div>
          <button
            className="components-button components-circular-option-picker__clear is-secondary is-small emotion-4 emotion-5"
            onClick={[Function]}
            type="button"
          >
            Clear
          </button>
        </div>
      </div>
    </fieldset>
  </div>
</div>
`;
